./gradlew : Error: 
-classpath requires 
class path 
specification
At line:1 char:1
+ ./gradlew 
:app:assembleDebug > 
build_output.txt 2>&1
+ ~~~~~~~~~~~~~~~~~~~~
~~~~~~~~~~~~~~~~~~~~~~
~~~~~~~~~~
    + CategoryInfo    
          : NotSpeci  
  fied: (Error: -cl   
 asspa...h specifi    
cation:String) []    
, RemoteException
    + FullyQualifiedE 
   rrorId : NativeCo  
  mmandError
 
